/*===TOKENS===*/
HIDDEN:DIRECTIVE         <C/>
HIDDEN:DIR_COPY          <COPY>
HIDDEN:DIR_OtherText     <MBR1>
HIDDEN:DIRECTIVE         <O/>
HIDDEN:DIR_COPY          <COPY>
HIDDEN:DIR_OtherText     <SRCLIB>
HIDDEN:DIR_Slash         </>
HIDDEN:DIR_OtherText     <SRCFIL>
HIDDEN:DIR_Comma         <,>
HIDDEN:DIR_OtherText     <MBR3>
DIRECTIVE                <O/>
DIR_INCLUDE              <INCLUDE>
StringLiteralStart       <">
StringContent            <SRCLIB!>
StringLiteralEnd         <">
DIR_Slash                </>
StringLiteralStart       <">
StringContent            <SRC>3>
StringLiteralEnd         <">
StringLiteralStart       <">
StringContent            <MBR¬3>
StringLiteralEnd         <">
EOL                      <>
HIDDEN:DIRECTIVE         <O/>
HIDDEN:DIR_COPY          <COPY>
HIDDEN:DIR_Slash         </>
HIDDEN:DIR_OtherText     <dir1>
HIDDEN:DIR_Slash         </>
HIDDEN:DIR_OtherText     <dir2>
HIDDEN:DIR_Slash         </>
HIDDEN:DIR_OtherText     <file.rpg>
HIDDEN:DIRECTIVE         <O/>
HIDDEN:DIR_COPY          <COPY>
HIDDEN:DIR_Slash         </>
HIDDEN:DIR_OtherText     <dir1>
HIDDEN:DIR_Slash         </>
HIDDEN:DIR_OtherText     <dir2>
HIDDEN:DIR_Slash         </>
HIDDEN:DIR_OtherText     <file>
HIDDEN:DIRECTIVE         <O/>
HIDDEN:DIR_COPY          <COPY>
HIDDEN:DIR_OtherText     <dir1>
HIDDEN:DIR_Slash         </>
HIDDEN:DIR_OtherText     <dir2>
HIDDEN:DIR_Slash         </>
HIDDEN:DIR_OtherText     <file.rpg>
HIDDEN:DIRECTIVE         <O/>
HIDDEN:DIR_COPY          <COPY>
HIDDEN:StringLiteralStart<">
HIDDEN:StringContent     <ifs file containing blanks>
HIDDEN:StringLiteralEnd  <">
HIDDEN:DIRECTIVE         <O/>
HIDDEN:DIR_COPY          <COPY>
HIDDEN:StringLiteralStart<'>
HIDDEN:StringContent     <ifs file containing blanks>
HIDDEN:StringLiteralEnd  <'>
/*===TREE===*/
(r
  (statement
    (directive
      O/
      (dir_include
        INCLUDE
        (copyText " SRCLIB! ")
        /
        (copyText " SRC>3 ")
        (copyText " MBR¬3 ")
      )
      
    )
  )
)
/*======*/